/home/duong/miniconda3/envs/drkgc/lib/python3.12/site-packages/outdated/__init__.py:36: UserWarning: pkg_resources is deprecated as an API. See https://setuptools.pypa.io/en/latest/pkg_resources.html. The pkg_resources package is slated for removal as early as 2025-11-30. Refrain from using this package or pin to Setuptools<81.
  from pkg_resources import parse_version
{"epoch": 1, "global_step": 17, "avg_epoch_loss": 0.9970450787300943, "avg_grad_norm": 0.2069294058224734, "pos_score_mean": -0.0037898113951087, "pos_score_std": 0.02994326502084732, "neg_score_mean": -0.006747829727828503, "neg_score_std": 0.033340658992528915, "score_gap_mean": 0.002958018099889159, "score_gap_std": 0.04292188212275505, "valid_probe_recall20": 0.05, "valid_probe_top1_hit_ratio": 0.0, "valid_probe_unique_top1_count": 25, "valid_probe_top1_dominance_ratio": 0.31}
{"epoch": 2, "global_step": 34, "avg_epoch_loss": 0.9805514488722747, "avg_grad_norm": 0.29119883828303395, "pos_score_mean": 0.006171896122395992, "pos_score_std": 0.04741281270980835, "neg_score_mean": -0.013492285273969173, "neg_score_std": 0.05820591002702713, "score_gap_mean": 0.019664181396365166, "score_gap_std": 0.0819285586476326, "valid_probe_recall20": 0.01, "valid_probe_top1_hit_ratio": 0.0, "valid_probe_unique_top1_count": 20, "valid_probe_top1_dominance_ratio": 0.41}
{"epoch": 3, "global_step": 51, "avg_epoch_loss": 0.9476256909743342, "avg_grad_norm": 0.45818522397209616, "pos_score_mean": 0.022740771993994713, "pos_score_std": 0.10994778573513031, "neg_score_mean": -0.034266483038663864, "neg_score_std": 0.12918558716773987, "score_gap_mean": 0.05700725317001343, "score_gap_std": 0.19690608978271484, "valid_probe_recall20": 0.05, "valid_probe_top1_hit_ratio": 0.01, "valid_probe_unique_top1_count": 21, "valid_probe_top1_dominance_ratio": 0.54}
{"epoch": 4, "global_step": 68, "avg_epoch_loss": 0.8880105524843058, "avg_grad_norm": 0.5878318793633405, "pos_score_mean": 0.05923962593078613, "pos_score_std": 0.24846996366977692, "neg_score_mean": -0.08632320910692215, "neg_score_std": 0.29654282331466675, "score_gap_mean": 0.14556284248828888, "score_gap_std": 0.45996803045272827, "valid_probe_recall20": 0.04, "valid_probe_top1_hit_ratio": 0.0, "valid_probe_unique_top1_count": 12, "valid_probe_top1_dominance_ratio": 0.52}
{"epoch": 5, "global_step": 85, "avg_epoch_loss": 0.82614597742138, "avg_grad_norm": 0.5204253003877752, "pos_score_mean": 0.1262526512145996, "pos_score_std": 0.48821425437927246, "neg_score_mean": -0.1869947612285614, "neg_score_std": 0.5763323307037354, "score_gap_mean": 0.313247412443161, "score_gap_std": 0.9149711728096008, "valid_probe_recall20": 0.04, "valid_probe_top1_hit_ratio": 0.01, "valid_probe_unique_top1_count": 9, "valid_probe_top1_dominance_ratio": 0.59}
{"epoch": 6, "global_step": 102, "avg_epoch_loss": 0.7894890872307715, "avg_grad_norm": 0.46580269056207996, "pos_score_mean": 0.2084507942199707, "pos_score_std": 0.7598230242729187, "neg_score_mean": -0.3254450857639313, "neg_score_std": 0.9672680497169495, "score_gap_mean": 0.5338958501815796, "score_gap_std": 1.4871740341186523, "valid_probe_recall20": 0.05, "valid_probe_top1_hit_ratio": 0.0, "valid_probe_unique_top1_count": 6, "valid_probe_top1_dominance_ratio": 0.64}
{"epoch": 7, "global_step": 119, "avg_epoch_loss": 0.7684827538177861, "avg_grad_norm": 0.4907905249034657, "pos_score_mean": 0.29002684354782104, "pos_score_std": 0.9973888993263245, "neg_score_mean": -0.4411044120788574, "neg_score_std": 1.2775013446807861, "score_gap_mean": 0.7311312556266785, "score_gap_std": 1.9794219732284546, "valid_probe_recall20": 0.03, "valid_probe_top1_hit_ratio": 0.0, "valid_probe_unique_top1_count": 6, "valid_probe_top1_dominance_ratio": 0.57}
{"epoch": 8, "global_step": 136, "avg_epoch_loss": 0.7533422415746526, "avg_grad_norm": 0.5056368182687199, "pos_score_mean": 0.36167383193969727, "pos_score_std": 1.2104432582855225, "neg_score_mean": -0.5205386281013489, "neg_score_std": 1.497114658355713, "score_gap_mean": 0.8822124600410461, "score_gap_std": 2.3614418506622314, "valid_probe_recall20": 0.03, "valid_probe_top1_hit_ratio": 0.0, "valid_probe_unique_top1_count": 6, "valid_probe_top1_dominance_ratio": 0.58}
{"epoch": 9, "global_step": 153, "avg_epoch_loss": 0.73927257179816, "avg_grad_norm": 0.5180331012781929, "pos_score_mean": 0.41031569242477417, "pos_score_std": 1.333274483680725, "neg_score_mean": -0.6026882529258728, "neg_score_std": 1.699440598487854, "score_gap_mean": 1.0130040645599365, "score_gap_std": 2.646803379058838, "valid_probe_recall20": 0.07, "valid_probe_top1_hit_ratio": 0.0, "valid_probe_unique_top1_count": 7, "valid_probe_top1_dominance_ratio": 0.51}
[INFO] Early stopping at epoch 9
Saved:
- dataset/setting_a/14_ranker_v3/rgcn_ranker_v3_checkpoint.pt
- dataset/setting_a/14_ranker_v3/ranker_v3_train_log.jsonl
- dataset/setting_a/14_ranker_v3/ranker_v3_meta.json
- dataset/setting_a/14_ranker_v3/sampled_train_negatives.json
- dataset/setting_a/14_ranker_v3/sampled_valid_probe_negatives.json
- reports/week8/day2_ranker_v3_score_stats.json
- reports/week8/day2_ranker_v3_top1_probe.tsv
- reports/week8/day2_ranker_v3_train.md
