/home/duong/miniconda3/envs/drkgc/lib/python3.12/site-packages/outdated/__init__.py:36: UserWarning: pkg_resources is deprecated as an API. See https://setuptools.pypa.io/en/latest/pkg_resources.html. The pkg_resources package is slated for removal as early as 2025-11-30. Refrain from using this package or pin to Setuptools<81.
  from pkg_resources import parse_version
/home/duong/miniconda3/envs/drkgc/lib/python3.12/site-packages/huggingface_hub/file_download.py:949: FutureWarning: `resume_download` is deprecated and will be removed in version 1.0.0. Downloads always resume when possible. If you want to force a new download, use `force_download=True`.
  warnings.warn(
/home/duong/miniconda3/envs/drkgc/lib/python3.12/site-packages/huggingface_hub/file_download.py:949: FutureWarning: `resume_download` is deprecated and will be removed in version 1.0.0. Downloads always resume when possible. If you want to force a new download, use `force_download=True`.
  warnings.warn(
device: cuda
================================================================================
step: 0
actual_batch_size: 1
sequence_length: 424
num_candidates_per_sample: 20
query_ids_shape: (1,)
entity_ids_shape: (1, 20)
loss: 1.1586993932724
loss_is_finite: True
peak_gpu_memory_mb: 4381.89
================================================================================
step: 1
actual_batch_size: 1
sequence_length: 416
num_candidates_per_sample: 20
query_ids_shape: (1,)
entity_ids_shape: (1, 20)
loss: 1.436611294746399
loss_is_finite: True
peak_gpu_memory_mb: 4449.22
Dry run finished successfully.
